**************************************************************************
ZEFFIRO Interface 6, Date: 28-May-2026 11:53:56
**************************************************************************
Path: /Users/hsc476/Projects/MainZeffiroProject
**************************************************************************
Task ID; 1; Progress; 0; File; zef_load.m; Message; Loading fields.; Workspace size; 0; Task time; 0; CPU usage; 446; Ready; ; Total CPU time; 7.85;
Task ID; 1; Progress; 66; File; zef_load.m; Message; Loading <=100 MB fields: 3762 / 5686.; Workspace size; 0; Task time; 5; CPU usage; 188; Ready; 28-May-2026 11:54:04; Total CPU time; 17.51;
Task ID; 1; Progress; 99; File; zef_load.m; Message; Loading >100 MB fields: 9 / 12.; Workspace size; 0; Task time; 10; CPU usage; 114; Ready; 28-May-2026 11:54:07; Total CPU time; 23.23;
**************************************************************************
ZEFFIRO Interface 6, Date: 28-May-2026 11:58:56
**************************************************************************
Path: /Users/hsc476/Projects/MainZeffiroProject
**************************************************************************
Task ID; 1; Progress; 0; File; zef_load.m; Message; Loading fields.; Workspace size; 0; Task time; 0; CPU usage; 536; Ready; ; Total CPU time; 7.46;
Task ID; 1; Progress; 91; File; zef_load.m; Message; Loading <=100 MB fields: 5187 / 5687.; Workspace size; 0; Task time; 5; CPU usage; 171; Ready; 28-May-2026 11:59:02; Total CPU time; 16.04;
Task ID; 1; Progress; 99; File; zef_load.m; Message; Loading >100 MB fields: 9 / 12.; Workspace size; 0; Task time; 10; CPU usage; 95; Ready; 28-May-2026 11:59:07; Total CPU time; 20.83;
**************************************************************************
ZEFFIRO Interface 6, Date: 15-Aug-2026 04:22:03
**************************************************************************
Path: /Users/hsc476/Projects/MainZeffiroProject
**************************************************************************
**************************************************************************
ZEFFIRO Interface 6, Date: 15-Aug-2026 04:53:20
**************************************************************************
Path: /Users/hsc476/Projects/MainZeffiroProject
**************************************************************************
**************************************************************************
ZEFFIRO Interface 6, Date: 15-Aug-2026 04:56:00
**************************************************************************
Path: /Users/hsc476/Projects/MainZeffiroProject
**************************************************************************
**************************************************************************
ZEFFIRO Interface 6, Date: 15-Aug-2026 12:06:28
**************************************************************************
Path: /Users/hsc476/Projects/MainZeffiroProject
**************************************************************************
**************************************************************************
ZEFFIRO Interface 6, Date: 15-Aug-2026 12:09:29
**************************************************************************
Path: /Users/hsc476/Projects/MainZeffiroProject
**************************************************************************
**************************************************************************
ZEFFIRO Interface 6, Date: 15-Aug-2026 20:12:33
**************************************************************************
Path: /Users/hsc476/Projects/MainZeffiroProject
**************************************************************************
**************************************************************************
ZEFFIRO Interface 6, Date: 16-Aug-2026 20:41:00
**************************************************************************
Path: /Users/hsc476/Projects/MainZeffiroProject
**************************************************************************
