**************************************************************************
ZEFFIRO Interface 6, Date: 28-May-2026 11:53:21
**************************************************************************
Path: /Users/hsc476/Projects/MainZeffiroProject
**************************************************************************
**************************************************************************
ZEFFIRO Interface 6, Date: 29-May-2026 14:24:50
**************************************************************************
Path: /Users/hsc476/Projects/MainZeffiroProject
**************************************************************************
Task ID; 1; Progress; 0; File; zef_load.m; Message; Loading fields.; Workspace size; 0; Task time; 0; CPU usage; 434; Ready; ; Total CPU time; 15;
Task ID; 1; Progress; 4; File; zef_load.m; Message; Loading <=100 MB fields: 228 / 5686.; Workspace size; 0; Task time; 5; CPU usage; 194; Ready; 29-May-2026 14:26:58; Total CPU time; 25.18;
Task ID; 1; Progress; 99; File; zef_load.m; Message; Loading >100 MB fields: 4 / 12.; Workspace size; 0; Task time; 10; CPU usage; 105; Ready; 29-May-2026 14:25:01; Total CPU time; 30.06;
Task ID; 1; Progress; 99; File; zef_load.m; Message; Loading >100 MB fields: 5 / 12.; Workspace size; 0; Task time; 18; CPU usage; 39; Ready; 29-May-2026 14:25:09; Total CPU time; 32.99;
Task ID; 1; Progress; 99; File; zef_load.m; Message; Loading >100 MB fields: 11 / 12.; Workspace size; 0; Task time; 24; CPU usage; 100; Ready; 29-May-2026 14:25:15; Total CPU time; 38.96;
**************************************************************************
ZEFFIRO Interface 6, Date: 29-May-2026 15:47:18
**************************************************************************
Path: /Users/hsc476/Projects/MainZeffiroProject
**************************************************************************
Task ID; 1; Progress; 0; File; zef_load.m; Message; Loading fields.; Workspace size; 0; Task time; 0; CPU usage; 310; Ready; ; Total CPU time; 5.59;
Task ID; 1; Progress; 99; File; zef_load.m; Message; Loading >100 MB fields: 1 / 12.; Workspace size; 0; Task time; 5; CPU usage; 130; Ready; 29-May-2026 15:47:24; Total CPU time; 12.51;
Task ID; 1; Progress; 99; File; zef_load.m; Message; Loading >100 MB fields: 11 / 12.; Workspace size; 0; Task time; 13; CPU usage; 97; Ready; 29-May-2026 15:47:31; Total CPU time; 19.75;
**************************************************************************
ZEFFIRO Interface 6, Date: 30-May-2026 14:55:54
**************************************************************************
Path: /Users/hsc476/Projects/MainZeffiroProject
**************************************************************************
**************************************************************************
ZEFFIRO Interface 6, Date: 30-May-2026 14:57:40
**************************************************************************
Path: /Users/hsc476/Projects/MainZeffiroProject
**************************************************************************
Task ID; 1; Progress; 0; File; zef_load.m; Message; Loading fields.; Workspace size; 0; Task time; 0; CPU usage; 398; Ready; ; Total CPU time; 9.12;
Task ID; 1; Progress; 58; File; zef_load.m; Message; Loading <=100 MB fields: 3306 / 5686.; Workspace size; 0; Task time; 5; CPU usage; 195; Ready; 30-May-2026 14:57:50; Total CPU time; 18.96;
Task ID; 1; Progress; 99; File; zef_load.m; Message; Loading >100 MB fields: 8 / 12.; Workspace size; 0; Task time; 10; CPU usage; 113; Ready; 30-May-2026 14:57:51; Total CPU time; 24.73;
Task ID; 1; Progress; 0; File; zef_visualize_dti_streamlines.m; Message; Initializing FreeSurfer DTI streamline visualization...; Workspace size; 0; Task time; 0; CPU usage; 526; Ready; ; Total CPU time; 318.49;
Task ID; 1; Progress; 100; File; zef_visualize_dti_streamlines.m; Message; Completed! Plotted 504 streamlines.; Workspace size; 0; Task time; 10; CPU usage; 177; Ready; 30-May-2026 15:00:27; Total CPU time; 337.26;
Task ID; 2; Progress; 0; File; zef_dti_apply_to_sigma.m; Message; DTI conductivity: starting...; Workspace size; 0; Task time; 0; CPU usage; 379; Ready; ; Total CPU time; 392.21;
Task ID; 3; Progress; 0; File; zef_dti_apply_to_sigma.m; Message; DTI conductivity: starting...; Workspace size; 0; Task time; 0; CPU usage; 305; Ready; ; Total CPU time; 405.36;
Task ID; 4; Progress; 0; File; zef_dti_apply_to_sigma.m; Message; DTI conductivity: starting...; Workspace size; 0; Task time; 0; CPU usage; 240; Ready; ; Total CPU time; 419.27;
Task ID; 5; Progress; 0; File; zef_dti_apply_to_sigma.m; Message; DTI conductivity: starting...; Workspace size; 0; Task time; 0; CPU usage; 133; Ready; ; Total CPU time; 439.18;
Task ID; 5; Progress; 100; File; zef_dti_apply_to_sigma.m; Message; Done! Updated 2196255 tetrahedra.; Workspace size; 0; Task time; 7; CPU usage; 451; Ready; 30-May-2026 15:04:22; Total CPU time; 470.59;
**************************************************************************
ZEFFIRO Interface 6, Date: 30-May-2026 15:07:33
**************************************************************************
Path: /Users/hsc476/Projects/MainZeffiroProject
**************************************************************************
Task ID; 1; Progress; 0; File; zef_load.m; Message; Loading fields.; Workspace size; 0; Task time; 0; CPU usage; 317; Ready; ; Total CPU time; 6.8;
Task ID; 1; Progress; 98; File; zef_load.m; Message; Loading <=100 MB fields: 5586 / 5687.; Workspace size; 0; Task time; 5; CPU usage; 149; Ready; 30-May-2026 15:07:39; Total CPU time; 14.29;
Task ID; 1; Progress; 99; File; zef_load.m; Message; Loading >100 MB fields: 10 / 12.; Workspace size; 0; Task time; 11; CPU usage; 124; Ready; 30-May-2026 15:07:44; Total CPU time; 21.19;
Task ID; 1; Progress; 0; File; zef_visualize_dti_streamlines.m; Message; Initializing FreeSurfer DTI streamline visualization...; Workspace size; 0; Task time; 0; CPU usage; 541; Ready; ; Total CPU time; 668.35;
Task ID; 2; Progress; 0; File; zef_visualize_dti_streamlines.m; Message; Initializing FreeSurfer DTI streamline visualization...; Workspace size; 0; Task time; 0; CPU usage; 534; Ready; ; Total CPU time; 669.64;
Task ID; 2; Progress; 100; File; zef_visualize_dti_streamlines.m; Message; Completed! Plotted 504 streamlines.; Workspace size; 0; Task time; 9; CPU usage; 192; Ready; 30-May-2026 15:08:36; Total CPU time; 688.64;
Task ID; 3; Progress; 2; File; zef_visualize_dti_streamlines.m; Message; Validating inputs...; Workspace size; 0; Task time; 0; CPU usage; 174; Ready; 30-May-2026 15:08:38; Total CPU time; 690.26;
Task ID; 4; Progress; 4; File; zef_visualize_dti_streamlines.m; Message; Computing seed point...; Workspace size; 0; Task time; 0; CPU usage; 200; Ready; 30-May-2026 15:08:39; Total CPU time; 693.95;
Task ID; 5; Progress; 6; File; zef_visualize_dti_streamlines.m; Message; Preparing FreeSurfer DTI data...; Workspace size; 0; Task time; 0; CPU usage; 109; Ready; 30-May-2026 15:08:41; Total CPU time; 696.44;
Task ID; 6; Progress; 25; File; zef_visualize_dti_streamlines.m; Message; Transforming seed point to FA space...; Workspace size; 0; Task time; 0; CPU usage; 183; Ready; 30-May-2026 15:08:41; Total CPU time; 697.91;
Task ID; 7; Progress; 35; File; zef_visualize_dti_streamlines.m; Message; Generating 1000 streamlines...; Workspace size; 0; Task time; 0; CPU usage; 165; Ready; 30-May-2026 15:08:43; Total CPU time; 700.63;
Task ID; 8; Progress; 55; File; zef_visualize_dti_streamlines.m; Message; Transforming streamlines to mesh space...; Workspace size; 0; Task time; 0; CPU usage; 153; Ready; 30-May-2026 15:08:44; Total CPU time; 702.2;
Task ID; 9; Progress; 56; File; zef_visualize_dti_streamlines.m; Message; Transforming streamlines to mesh space... (50/1000); Workspace size; 0; Task time; 0; CPU usage; 115; Ready; 30-May-2026 15:08:46; Total CPU time; 704.76;
Task ID; 10; Progress; 57; File; zef_visualize_dti_streamlines.m; Message; Transforming streamlines to mesh space... (100/1000); Workspace size; 0; Task time; 0; CPU usage; 147; Ready; 30-May-2026 15:08:48; Total CPU time; 709.42;
Task ID; 11; Progress; 57; File; zef_visualize_dti_streamlines.m; Message; Transforming streamlines to mesh space... (150/1000); Workspace size; 0; Task time; 0; CPU usage; 213; Ready; 30-May-2026 15:08:50; Total CPU time; 712.37;
Task ID; 12; Progress; 58; File; zef_visualize_dti_streamlines.m; Message; Transforming streamlines to mesh space... (200/1000); Workspace size; 0; Task time; 0; CPU usage; 146; Ready; 30-May-2026 15:08:51; Total CPU time; 714.42;
Task ID; 13; Progress; 59; File; zef_visualize_dti_streamlines.m; Message; Transforming streamlines to mesh space... (250/1000); Workspace size; 0; Task time; 0; CPU usage; 113; Ready; 30-May-2026 15:08:52; Total CPU time; 716.88;
Task ID; 14; Progress; 60; File; zef_visualize_dti_streamlines.m; Message; Transforming streamlines to mesh space... (300/1000); Workspace size; 0; Task time; 0; CPU usage; 94; Ready; 30-May-2026 15:08:54; Total CPU time; 718.89;
Task ID; 15; Progress; 60; File; zef_visualize_dti_streamlines.m; Message; Transforming streamlines to mesh space... (350/1000); Workspace size; 0; Task time; 0; CPU usage; 112; Ready; 30-May-2026 15:08:55; Total CPU time; 721.05;
Task ID; 16; Progress; 61; File; zef_visualize_dti_streamlines.m; Message; Transforming streamlines to mesh space... (400/1000); Workspace size; 0; Task time; 0; CPU usage; 115; Ready; 30-May-2026 15:08:56; Total CPU time; 723.19;
Task ID; 17; Progress; 62; File; zef_visualize_dti_streamlines.m; Message; Transforming streamlines to mesh space... (450/1000); Workspace size; 0; Task time; 0; CPU usage; 103; Ready; 30-May-2026 15:08:57; Total CPU time; 725.38;
Task ID; 18; Progress; 63; File; zef_visualize_dti_streamlines.m; Message; Transforming streamlines to mesh space... (500/1000); Workspace size; 0; Task time; 0; CPU usage; 168; Ready; 30-May-2026 15:08:59; Total CPU time; 727.54;
Task ID; 19; Progress; 63; File; zef_visualize_dti_streamlines.m; Message; Transforming streamlines to mesh space... (550/1000); Workspace size; 0; Task time; 0; CPU usage; 101; Ready; 30-May-2026 15:09:00; Total CPU time; 729.95;
Task ID; 20; Progress; 64; File; zef_visualize_dti_streamlines.m; Message; Transforming streamlines to mesh space... (600/1000); Workspace size; 0; Task time; 0; CPU usage; 152; Ready; 30-May-2026 15:09:01; Total CPU time; 732;
Task ID; 21; Progress; 65; File; zef_visualize_dti_streamlines.m; Message; Transforming streamlines to mesh space... (650/1000); Workspace size; 0; Task time; 0; CPU usage; 217; Ready; 30-May-2026 15:09:02; Total CPU time; 733.37;
Task ID; 22; Progress; 66; File; zef_visualize_dti_streamlines.m; Message; Transforming streamlines to mesh space... (700/1000); Workspace size; 0; Task time; 0; CPU usage; 116; Ready; 30-May-2026 15:09:04; Total CPU time; 736.74;
Task ID; 23; Progress; 66; File; zef_visualize_dti_streamlines.m; Message; Transforming streamlines to mesh space... (750/1000); Workspace size; 0; Task time; 0; CPU usage; 210; Ready; 30-May-2026 15:09:05; Total CPU time; 738.8;
Task ID; 24; Progress; 67; File; zef_visualize_dti_streamlines.m; Message; Transforming streamlines to mesh space... (800/1000); Workspace size; 0; Task time; 0; CPU usage; 231; Ready; 30-May-2026 15:09:06; Total CPU time; 740.49;
Task ID; 25; Progress; 68; File; zef_visualize_dti_streamlines.m; Message; Transforming streamlines to mesh space... (850/1000); Workspace size; 0; Task time; 0; CPU usage; 304; Ready; 30-May-2026 15:09:08; Total CPU time; 741.93;
Task ID; 26; Progress; 69; File; zef_visualize_dti_streamlines.m; Message; Transforming streamlines to mesh space... (900/1000); Workspace size; 0; Task time; 0; CPU usage; 248; Ready; 30-May-2026 15:09:10; Total CPU time; 746.05;
**************************************************************************
ZEFFIRO Interface 6, Date: 31-May-2026 00:15:30
**************************************************************************
Path: /Users/hsc476/Projects/MainZeffiroProject
**************************************************************************
**************************************************************************
ZEFFIRO Interface 6, Date: 31-May-2026 00:16:22
**************************************************************************
Path: /Users/hsc476/Projects/MainZeffiroProject
**************************************************************************
Task ID; 1; Progress; 0; File; zef_load.m; Message; Loading fields.; Workspace size; 0; Task time; 0; CPU usage; 393; Ready; ; Total CPU time; 8.56;
Task ID; 1; Progress; 74; File; zef_load.m; Message; Loading <=100 MB fields: 4218 / 5693.; Workspace size; 0; Task time; 5; CPU usage; 188; Ready; 31-May-2026 00:16:30; Total CPU time; 18.03;
Task ID; 1; Progress; 99; File; zef_load.m; Message; Loading >100 MB fields: 9 / 12.; Workspace size; 0; Task time; 10; CPU usage; 112; Ready; 31-May-2026 00:16:33; Total CPU time; 23.98;
Task ID; 1; Progress; 0; File; zef_source_interpolation.m; Message; Interpolation 1.; Workspace size; 0; Task time; 0; CPU usage; 385; Ready; ; Total CPU time; 291.91;
Task ID; 1; Progress; 34; File; zef_source_interpolation.m; Message; Interpolation 2: 55/164.; Workspace size; 0; Task time; 5; CPU usage; 345; Ready; 31-May-2026 00:20:25; Total CPU time; 309.56;
Task ID; 1; Progress; 75; File; zef_source_interpolation.m; Message; Interpolation 2: 123/164.; Workspace size; 0; Task time; 10; CPU usage; 345; Ready; 31-May-2026 00:20:24; Total CPU time; 326.94;
Task ID; 2; Progress; 0; File; zef_dti_tractography_covariance.m; Message; Tractography covariance: tracing streamlines...; Workspace size; 0; Task time; 0; CPU usage; 271; Ready; ; Total CPU time; 380.47;
**************************************************************************
ZEFFIRO Interface 6, Date: 31-May-2026 00:28:45
**************************************************************************
Path: /Users/hsc476/Projects/MainZeffiroProject
**************************************************************************
Task ID; 1; Progress; 0; File; zef_load.m; Message; Loading fields.; Workspace size; 0; Task time; 0; CPU usage; 530; Ready; ; Total CPU time; 13.56;
Task ID; 1; Progress; 80; File; zef_load.m; Message; Loading <=100 MB fields: 4560 / 5693.; Workspace size; 0; Task time; 5; CPU usage; 225; Ready; 31-May-2026 00:28:52; Total CPU time; 24.89;
Task ID; 1; Progress; 99; File; zef_load.m; Message; Loading >100 MB fields: 10 / 12.; Workspace size; 0; Task time; 10; CPU usage; 107; Ready; 31-May-2026 00:28:56; Total CPU time; 30.71;
Task ID; 1; Progress; 0; File; zef_source_interpolation.m; Message; Interpolation 1.; Workspace size; 0; Task time; 0; CPU usage; 222; Ready; ; Total CPU time; 569.22;
Task ID; 1; Progress; 36; File; zef_source_interpolation.m; Message; Interpolation 2: 59/164.; Workspace size; 0; Task time; 5; CPU usage; 360; Ready; 31-May-2026 00:29:28; Total CPU time; 587.65;
Task ID; 1; Progress; 77; File; zef_source_interpolation.m; Message; Interpolation 2: 127/164.; Workspace size; 0; Task time; 10; CPU usage; 353; Ready; 31-May-2026 00:29:27; Total CPU time; 605.32;
Task ID; 2; Progress; 0; File; zef_dti_tractography_covariance.m; Message; Tractography covariance: tracing streamlines...; Workspace size; 0; Task time; 0; CPU usage; 162; Ready; ; Total CPU time; 692.32;
**************************************************************************
ZEFFIRO Interface 6, Date: 02-Jun-2026 12:53:45
**************************************************************************
Path: /Users/hsc476/Projects/MainZeffiroProject
**************************************************************************
Task ID; 1; Progress; 0; File; zef_import_segmentation.m; Message; Importing.; Workspace size; 0; Task time; 0; CPU usage; 445; Ready; ; Total CPU time; 190.02;
Task ID; 1; Progress; 100; File; zef_import_segmentation.m; Message; Importing 11/11.; Workspace size; 0; Task time; 5; CPU usage; 315; Ready; 02-Jun-2026 13:10:20; Total CPU time; 206.67;
**************************************************************************
ZEFFIRO Interface 6, Date: 02-Jun-2026 13:12:51
**************************************************************************
Path: /Users/hsc476/Projects/MainZeffiroProject
**************************************************************************
Task ID; 1; Progress; 0; File; zef_import_segmentation.m; Message; Importing.; Workspace size; 0; Task time; 0; CPU usage; 397; Ready; ; Total CPU time; 28.98;
Task ID; 1; Progress; 91; File; zef_import_segmentation.m; Message; Importing 10/11.; Workspace size; 0; Task time; 5; CPU usage; 302; Ready; 02-Jun-2026 13:16:00; Total CPU time; 44.4;
**************************************************************************
ZEFFIRO Interface 6, Date: 02-Jun-2026 21:42:59
**************************************************************************
Path: /Users/hsc476/Projects/MainZeffiroProject
**************************************************************************
**************************************************************************
ZEFFIRO Interface 6, Date: 02-Jun-2026 21:43:21
**************************************************************************
Path: /Users/hsc476/Projects/MainZeffiroProject
**************************************************************************
Task ID; 1; Progress; 0; File; zef_load.m; Message; Loading fields.; Workspace size; 0; Task time; 0; CPU usage; 367; Ready; ; Total CPU time; 8.22;
Task ID; 1; Progress; 72; File; zef_load.m; Message; Loading <=100 MB fields: 1020 / 1412.; Workspace size; 0; Task time; 5; CPU usage; 193; Ready; 02-Jun-2026 21:43:28; Total CPU time; 17.93;
**************************************************************************
ZEFFIRO Interface 6, Date: 02-Jun-2026 21:44:32
**************************************************************************
Path: /Users/hsc476/Projects/MainZeffiroProject
**************************************************************************
Task ID; 1; Progress; 0; File; zef_load.m; Message; Loading fields.; Workspace size; 0; Task time; 0; CPU usage; 447; Ready; ; Total CPU time; 6.56;
Task ID; 1; Progress; 99; File; zef_load.m; Message; Loading >100 MB fields: 4 / 9.; Workspace size; 0; Task time; 5; CPU usage; 148; Ready; 02-Jun-2026 21:44:38; Total CPU time; 14.14;
**************************************************************************
ZEFFIRO Interface 6, Date: 02-Jun-2026 21:46:06
**************************************************************************
Path: /Users/hsc476/Projects/MainZeffiroProject
**************************************************************************
Task ID; 1; Progress; 0; File; zef_load.m; Message; Loading fields.; Workspace size; 0; Task time; 0; CPU usage; 262; Ready; ; Total CPU time; 5.16;
Task ID; 1; Progress; 98; File; zef_load.m; Message; Loading <=100 MB fields: 736 / 752.; Workspace size; 0; Task time; 5; CPU usage; 188; Ready; 02-Jun-2026 21:46:11; Total CPU time; 14.63;
**************************************************************************
ZEFFIRO Interface 6, Date: 02-Jun-2026 21:47:05
**************************************************************************
Path: /Users/hsc476/Projects/MainZeffiroProject
**************************************************************************
Task ID; 1; Progress; 0; File; zef_load.m; Message; Loading fields.; Workspace size; 0; Task time; 0; CPU usage; 554; Ready; ; Total CPU time; 13.02;
Task ID; 1; Progress; 99; File; zef_load.m; Message; Loading >100 MB fields: 1 / 9.; Workspace size; 0; Task time; 5; CPU usage; 224; Ready; 02-Jun-2026 21:47:10; Total CPU time; 24.94;
**************************************************************************
ZEFFIRO Interface 6, Date: 02-Jun-2026 21:49:48
**************************************************************************
Path: /Users/hsc476/Projects/MainZeffiroProject
**************************************************************************
Task ID; 1; Progress; 0; File; zef_load.m; Message; Loading fields.; Workspace size; 0; Task time; 0; CPU usage; 213; Ready; ; Total CPU time; 5.09;
Task ID; 1; Progress; 100; File; zef_load.m; Message; Loading >100 MB fields: 1 / 9.; Workspace size; 0; Task time; 5; CPU usage; 171; Ready; 02-Jun-2026 21:49:53; Total CPU time; 14.07;
**************************************************************************
ZEFFIRO Interface 6, Date: 02-Jun-2026 21:50:32
**************************************************************************
Path: /Users/hsc476/Projects/MainZeffiroProject
**************************************************************************
Task ID; 1; Progress; 0; File; zef_load.m; Message; Loading fields.; Workspace size; 0; Task time; 0; CPU usage; 564; Ready; ; Total CPU time; 14.87;
Task ID; 1; Progress; 97; File; zef_load.m; Message; Loading <=100 MB fields: 1365 / 1412.; Workspace size; 0; Task time; 5; CPU usage; 217; Ready; 02-Jun-2026 21:50:38; Total CPU time; 25.71;
**************************************************************************
ZEFFIRO Interface 6, Date: 02-Jun-2026 21:53:51
**************************************************************************
Path: /Users/hsc476/Projects/MainZeffiroProject
**************************************************************************
Task ID; 1; Progress; 0; File; zef_load.m; Message; Loading fields.; Workspace size; 0; Task time; 0; CPU usage; 542; Ready; ; Total CPU time; 17.12;
Task ID; 1; Progress; 55; File; zef_load.m; Message; Loading <=100 MB fields: 416 / 752.; Workspace size; 0; Task time; 5; CPU usage; 285; Ready; 02-Jun-2026 21:54:01; Total CPU time; 31.48;
**************************************************************************
ZEFFIRO Interface 6, Date: 02-Jun-2026 21:55:04
**************************************************************************
Path: /Users/hsc476/Projects/MainZeffiroProject
**************************************************************************
Task ID; 1; Progress; 0; File; zef_load.m; Message; Loading fields.; Workspace size; 0; Task time; 0; CPU usage; 466; Ready; ; Total CPU time; 8.29;
Task ID; 1; Progress; 99; File; zef_load.m; Message; Loading >100 MB fields: 1 / 9.; Workspace size; 0; Task time; 5; CPU usage; 197; Ready; 02-Jun-2026 21:55:09; Total CPU time; 18.54;
**************************************************************************
ZEFFIRO Interface 6, Date: 05-Jun-2026 01:09:12
**************************************************************************
Path: /Users/hsc476/Projects/MainZeffiroProject
**************************************************************************
**************************************************************************
ZEFFIRO Interface 6, Date: 05-Jun-2026 01:09:57
**************************************************************************
Path: /Users/hsc476/Projects/MainZeffiroProject
**************************************************************************
Task ID; 1; Progress; 0; File; zef_load.m; Message; Loading fields.; Workspace size; 0; Task time; 0; CPU usage; 390; Ready; ; Total CPU time; 9.52;
Task ID; 1; Progress; 81; File; zef_load.m; Message; Loading <=100 MB fields: 608 / 749.; Workspace size; 0; Task time; 5; CPU usage; 200; Ready; 05-Jun-2026 01:10:04; Total CPU time; 19.69;
**************************************************************************
ZEFFIRO Interface 6, Date: 11-Jun-2026 09:50:13
**************************************************************************
Path: /Users/hsc476/Projects/MainZeffiroProject
**************************************************************************
Task ID; 1; Progress; 0; File; zef_import_segmentation.m; Message; Importing.; Workspace size; 0; Task time; 0; CPU usage; 333; Ready; ; Total CPU time; 671.54;
Task ID; 1; Progress; 45; File; zef_import_segmentation.m; Message; Importing 5/11.; Workspace size; 0; Task time; 5; CPU usage; 282; Ready; 11-Jun-2026 10:38:42; Total CPU time; 687.02;
Task ID; 1; Progress; 91; File; zef_import_segmentation.m; Message; Importing 10/11.; Workspace size; 0; Task time; 11; CPU usage; 267; Ready; 11-Jun-2026 10:38:43; Total CPU time; 701.72;
**************************************************************************
ZEFFIRO Interface 6, Date: 15-Aug-2026 00:13:56
**************************************************************************
Path: /Users/hsc476/Projects/MainZeffiroProject
**************************************************************************
**************************************************************************
ZEFFIRO Interface 6, Date: 15-Aug-2026 00:16:08
**************************************************************************
Path: /Users/hsc476/Projects/MainZeffiroProject
**************************************************************************
**************************************************************************
ZEFFIRO Interface 6, Date: 15-Aug-2026 00:16:44
**************************************************************************
Path: /Users/hsc476/Projects/MainZeffiroProject
**************************************************************************
Task ID; 0; Progress; 0; File; zef_load.m; Message; Loading fields.; Workspace size; 0; Task time; 0; CPU usage; 329; Ready; ; Total CPU time; 10.35;
Task ID; 1; Progress; 100; File; zef_load.m; Message; Loading >100 MB fields: 9 / 9.; Workspace size; 0; Task time; 6; CPU usage; 127; Ready; 15-Aug-2026 00:16:50; Total CPU time; 16.2;
**************************************************************************
ZEFFIRO Interface 6, Date: 15-Aug-2026 00:45:17
**************************************************************************
Path: /Users/hsc476/Projects/MainZeffiroProject
**************************************************************************
**************************************************************************
ZEFFIRO Interface 6, Date: 15-Aug-2026 00:46:05
**************************************************************************
Path: /Users/hsc476/Projects/MainZeffiroProject
**************************************************************************
Task ID; 0; Progress; 0; File; zef_load.m; Message; Loading fields.; Workspace size; 0; Task time; 0; CPU usage; 356; Ready; ; Total CPU time; 10.13;
Task ID; 1; Progress; 100; File; zef_load.m; Message; Loading >100 MB fields: 9 / 9.; Workspace size; 0; Task time; 5; CPU usage; 120; Ready; 15-Aug-2026 00:46:11; Total CPU time; 15.56;
**************************************************************************
ZEFFIRO Interface 6, Date: 15-Aug-2026 01:03:07
**************************************************************************
Path: /Users/hsc476/Projects/MainZeffiroProject
**************************************************************************
**************************************************************************
ZEFFIRO Interface 6, Date: 15-Aug-2026 01:03:26
**************************************************************************
Path: /Users/hsc476/Projects/MainZeffiroProject
**************************************************************************
Task ID; 0; Progress; 0; File; zef_load.m; Message; Loading fields.; Workspace size; 0; Task time; 0; CPU usage; 433; Ready; ; Total CPU time; 10.01;
Task ID; 1; Progress; 89; File; zef_load.m; Message; Loading >100 MB fields: 8 / 9.; Workspace size; 0; Task time; 5; CPU usage; 122; Ready; 15-Aug-2026 01:03:33; Total CPU time; 15.02;
**************************************************************************
ZEFFIRO Interface 6, Date: 15-Aug-2026 01:12:59
**************************************************************************
Path: /Users/hsc476/Projects/MainZeffiroProject
**************************************************************************
**************************************************************************
ZEFFIRO Interface 6, Date: 15-Aug-2026 01:13:15
**************************************************************************
Path: /Users/hsc476/Projects/MainZeffiroProject
**************************************************************************
Task ID; 0; Progress; 0; File; zef_load.m; Message; Loading fields.; Workspace size; 0; Task time; 0; CPU usage; 402; Ready; ; Total CPU time; 9.47;
Task ID; 1; Progress; 89; File; zef_load.m; Message; Loading >100 MB fields: 8 / 9.; Workspace size; 0; Task time; 5; CPU usage; 117; Ready; 15-Aug-2026 01:13:21; Total CPU time; 14.58;
**************************************************************************
ZEFFIRO Interface 6, Date: 15-Aug-2026 01:30:54
**************************************************************************
Path: /Users/hsc476/Projects/MainZeffiroProject
**************************************************************************
**************************************************************************
ZEFFIRO Interface 6, Date: 15-Aug-2026 01:31:09
**************************************************************************
Path: /Users/hsc476/Projects/MainZeffiroProject
**************************************************************************
Task ID; 0; Progress; 0; File; zef_load.m; Message; Loading fields.; Workspace size; 0; Task time; 0; CPU usage; 390; Ready; ; Total CPU time; 9.85;
Task ID; 1; Progress; 89; File; zef_load.m; Message; Loading >100 MB fields: 8 / 9.; Workspace size; 0; Task time; 6; CPU usage; 112; Ready; ; Total CPU time; 14.89;
**************************************************************************
ZEFFIRO Interface 6, Date: 15-Aug-2026 03:58:21
**************************************************************************
Path: /Users/hsc476/Projects/MainZeffiroProject
**************************************************************************
**************************************************************************
ZEFFIRO Interface 6, Date: 15-Aug-2026 04:57:19
**************************************************************************
Path: /Users/hsc476/Projects/MainZeffiroProject
**************************************************************************
**************************************************************************
ZEFFIRO Interface 6, Date: 15-Aug-2026 04:58:01
**************************************************************************
Path: /Users/hsc476/Projects/MainZeffiroProject
**************************************************************************
**************************************************************************
ZEFFIRO Interface 6, Date: 15-Aug-2026 04:58:42
**************************************************************************
Path: /Users/hsc476/Projects/MainZeffiroProject
**************************************************************************
**************************************************************************
ZEFFIRO Interface 6, Date: 15-Aug-2026 05:00:30
**************************************************************************
Path: /Users/hsc476/Projects/MainZeffiroProject
**************************************************************************
**************************************************************************
ZEFFIRO Interface 6, Date: 15-Aug-2026 05:03:06
**************************************************************************
Path: /Users/hsc476/Projects/MainZeffiroProject
**************************************************************************
**************************************************************************
ZEFFIRO Interface 6, Date: 15-Aug-2026 11:40:56
**************************************************************************
Path: /Users/hsc476/Projects/MainZeffiroProject
**************************************************************************
**************************************************************************
ZEFFIRO Interface 6, Date: 15-Aug-2026 12:08:31
**************************************************************************
Path: /Users/hsc476/Projects/MainZeffiroProject
**************************************************************************
**************************************************************************
ZEFFIRO Interface 6, Date: 15-Aug-2026 21:15:19
**************************************************************************
Path: /Users/hsc476/Projects/MainZeffiroProject
**************************************************************************
**************************************************************************
ZEFFIRO Interface 6, Date: 15-Aug-2026 21:16:36
**************************************************************************
Path: /Users/hsc476/Projects/MainZeffiroProject
**************************************************************************
Task ID; 0; Progress; 0; File; zef_load.m; Message; Loading fields.; Workspace size; 0; Task time; 0; CPU usage; 263; Ready; ; Total CPU time; 13.67;
Task ID; 1; Progress; 89; File; zef_load.m; Message; Loading >100 MB fields: 8 / 9.; Workspace size; 0; Task time; 5; CPU usage; 125; Ready; ; Total CPU time; 19.07;
**************************************************************************
ZEFFIRO Interface 6, Date: 15-Aug-2026 21:50:46
**************************************************************************
Path: /Users/hsc476/Projects/MainZeffiroProject
**************************************************************************
**************************************************************************
ZEFFIRO Interface 6, Date: 15-Aug-2026 21:57:26
**************************************************************************
Path: /Users/hsc476/Projects/MainZeffiroProject
**************************************************************************
**************************************************************************
ZEFFIRO Interface 6, Date: 15-Aug-2026 21:57:46
**************************************************************************
Path: /Users/hsc476/Projects/MainZeffiroProject
**************************************************************************
Task ID; 0; Progress; 0; File; zef_load.m; Message; Loading fields.; Workspace size; 0; Task time; 0; CPU usage; 0; Ready; ; Total CPU time; 9.04;
Task ID; 1; Progress; 89; File; zef_load.m; Message; Loading >100 MB fields: 8 / 9.; Workspace size; 0; Task time; 5; CPU usage; 113; Ready; ; Total CPU time; 14.21;
**************************************************************************
ZEFFIRO Interface 6, Date: 15-Aug-2026 23:05:45
**************************************************************************
Path: /Users/hsc476/Projects/MainZeffiroProject
**************************************************************************
**************************************************************************
ZEFFIRO Interface 6, Date: 16-Aug-2026 00:21:51
**************************************************************************
Path: /Users/hsc476/Projects/MainZeffiroProject
**************************************************************************
**************************************************************************
ZEFFIRO Interface 6, Date: 16-Aug-2026 00:57:47
**************************************************************************
Path: /Users/hsc476/Projects/MainZeffiroProject
**************************************************************************
**************************************************************************
ZEFFIRO Interface 6, Date: 16-Aug-2026 01:11:39
**************************************************************************
Path: /Users/hsc476/Projects/MainZeffiroProject
**************************************************************************
**************************************************************************
ZEFFIRO Interface 6, Date: 16-Aug-2026 02:10:56
**************************************************************************
Path: /Users/hsc476/Projects/MainZeffiroProject
**************************************************************************
**************************************************************************
ZEFFIRO Interface 6, Date: 16-Aug-2026 21:24:30
**************************************************************************
Path: /Users/hsc476/Projects/MainZeffiroProject
**************************************************************************
**************************************************************************
ZEFFIRO Interface 6, Date: 16-Aug-2026 21:35:36
**************************************************************************
Path: /Users/hsc476/Projects/MainZeffiroProject
**************************************************************************
**************************************************************************
ZEFFIRO Interface 6, Date: 16-Aug-2026 22:28:11
**************************************************************************
Path: /Users/hsc476/Projects/MainZeffiroProject
**************************************************************************
**************************************************************************
ZEFFIRO Interface 6, Date: 16-Aug-2026 22:28:44
**************************************************************************
Path: /Users/hsc476/Projects/MainZeffiroProject
**************************************************************************
Task ID; 0; Progress; 0; File; zef_load.m; Message; Loading fields.; Workspace size; 0; Task time; 0; CPU usage; 814; Ready; ; Total CPU time; 14.97;
Task ID; 1; Progress; 100; File; zef_load.m; Message; Loading >100 MB fields: 9 / 9.; Workspace size; 0; Task time; 6; CPU usage; 126; Ready; Done; Total CPU time; 21.33;
**************************************************************************
ZEFFIRO Interface 6, Date: 16-Aug-2026 22:29:57
**************************************************************************
Path: /Users/hsc476/Projects/MainZeffiroProject
**************************************************************************
**************************************************************************
ZEFFIRO Interface 6, Date: 16-Aug-2026 22:30:15
**************************************************************************
Path: /Users/hsc476/Projects/MainZeffiroProject
**************************************************************************
Task ID; 0; Progress; 0; File; zef_load.m; Message; Loading fields.; Workspace size; 0; Task time; 0; CPU usage; 258; Ready; ; Total CPU time; 9.66;
Task ID; 1; Progress; 100; File; zef_load.m; Message; Loading >100 MB fields: 9 / 9.; Workspace size; 0; Task time; 5; CPU usage; 111; Ready; Done; Total CPU time; 15.12;
**************************************************************************
ZEFFIRO Interface 6, Date: 17-Aug-2026 16:04:11
**************************************************************************
Path: /Users/hsc476/Projects/MainZeffiroProject
**************************************************************************
**************************************************************************
ZEFFIRO Interface 6, Date: 17-Aug-2026 16:05:16
**************************************************************************
Path: /Users/hsc476/Projects/MainZeffiroProject
**************************************************************************
Task ID; 0; Progress; 0; File; zef_load.m; Message; Loading fields.; Workspace size; 0; Task time; 0; CPU usage; 395; Ready; ; Total CPU time; 12.1;
Task ID; 1; Progress; 100; File; zef_load.m; Message; Loading >100 MB fields: 9 / 9.; Workspace size; 0; Task time; 6; CPU usage; 111; Ready; Done; Total CPU time; 17.87;
